\BOOKMARK [1][-]{section.1}{\376\377\000I\000n\000t\000r\000o\000d\000u\000c\000t\000i\000o\000n}{}% 1
\BOOKMARK [1][-]{section.2}{\376\377\000A\000s\000t\000r\000o\000J\000E\000P\000A}{}% 2
\BOOKMARK [1][-]{section.3}{\376\377\000E\000x\000p\000e\000r\000i\000m\000e\000n\000t\000s}{}% 3
\BOOKMARK [2][-]{subsection.3.1}{\376\377\000A\000s\000t\000r\000o\000J\000E\000P\000A\000\040\000l\000e\000a\000r\000n\000s\000\040\000s\000c\000i\000e\000n\000t\000i\000f\000i\000c\000a\000l\000l\000y\000\040\000u\000s\000e\000f\000u\000l\000\040\000s\000h\000a\000r\000e\000d\000\040\000r\000e\000p\000r\000e\000s\000e\000n\000t\000a\000t\000i\000o\000n\000s}{section.3}% 4
\BOOKMARK [2][-]{subsection.3.2}{\376\377\000J\000o\000i\000n\000t\000\040\000l\000e\000a\000r\000n\000i\000n\000g\000\040\000o\000u\000t\000p\000e\000r\000f\000o\000r\000m\000s\000\040\000f\000r\000o\000z\000e\000n\000-\000p\000o\000o\000l\000e\000r\000\040\000a\000l\000i\000g\000n\000m\000e\000n\000t}{section.3}% 5
\BOOKMARK [2][-]{subsection.3.3}{\376\377\000W\000h\000a\000t\000\040\000c\000h\000a\000n\000g\000e\000s\000\040\000d\000u\000r\000i\000n\000g\000\040\000c\000r\000o\000s\000s\000-\000m\000o\000d\000a\000l\000\040\000l\000e\000a\000r\000n\000i\000n\000g\000?}{section.3}% 6
\BOOKMARK [2][-]{subsection.3.4}{\376\377\000A\000\040\000c\000o\000m\000p\000a\000c\000t\000\040\000c\000o\000n\000t\000r\000a\000s\000t\000i\000v\000e\000\040\000c\000o\000n\000t\000r\000o\000l}{section.3}% 7
\BOOKMARK [1][-]{section.4}{\376\377\000D\000i\000s\000c\000u\000s\000s\000i\000o\000n}{}% 8
\BOOKMARK [1][-]{section.5}{\376\377\000L\000i\000m\000i\000t\000a\000t\000i\000o\000n\000s\000\040\000a\000n\000d\000\040\000i\000m\000p\000a\000c\000t}{}% 9
\BOOKMARK [1][-]{appendix.A}{\376\377\000F\000u\000l\000l\000\040\000A\000s\000t\000r\000o\000J\000E\000P\000A\000\040\000A\000r\000c\000h\000i\000t\000e\000c\000t\000u\000r\000e\000\040\000a\000n\000d\000\040\000O\000b\000j\000e\000c\000t\000i\000v\000e\000s}{}% 10
\BOOKMARK [2][-]{subsection.A.1}{\376\377\000T\000e\000r\000m\000i\000n\000o\000l\000o\000g\000y\000\040\000a\000n\000d\000\040\000s\000c\000o\000p\000e}{appendix.A}% 11
\BOOKMARK [2][-]{subsection.A.2}{\376\377\000B\000a\000c\000k\000b\000o\000n\000e\000s\000\040\000a\000n\000d\000\040\000h\000e\000a\000d\000s}{appendix.A}% 12
\BOOKMARK [2][-]{subsection.A.3}{\376\377\000C\000r\000o\000s\000s\000-\000m\000o\000d\000a\000l\000\040\000A\000s\000t\000r\000o\000J\000E\000P\000A\000\040\000l\000o\000s\000s}{appendix.A}% 13
\BOOKMARK [2][-]{subsection.A.4}{\376\377\000I\000n\000d\000e\000p\000e\000n\000d\000e\000n\000t\000\040\000u\000n\000i\000m\000o\000d\000a\000l\000\040\000o\000b\000j\000e\000c\000t\000i\000v\000e\000s}{appendix.A}% 14
\BOOKMARK [2][-]{subsection.A.5}{\376\377\000C\000o\000n\000t\000r\000a\000s\000t\000i\000v\000e\000\040\000c\000o\000n\000t\000r\000o\000l}{appendix.A}% 15
\BOOKMARK [1][-]{appendix.B}{\376\377\000D\000a\000t\000a\000\040\000a\000n\000d\000\040\000P\000r\000e\000p\000r\000o\000c\000e\000s\000s\000i\000n\000g}{}% 16
\BOOKMARK [2][-]{subsection.B.1}{\376\377\000C\000o\000r\000p\000u\000s\000\040\000i\000n\000v\000e\000n\000t\000o\000r\000y}{appendix.B}% 17
\BOOKMARK [2][-]{subsection.B.2}{\376\377\000A\000u\000g\000m\000e\000n\000t\000a\000t\000i\000o\000n\000s}{appendix.B}% 18
\BOOKMARK [2][-]{subsection.B.3}{\376\377\000E\000v\000a\000l\000u\000a\000t\000i\000o\000n\000\040\000l\000e\000a\000k\000a\000g\000e\000\040\000b\000o\000u\000n\000d\000a\000r\000y}{appendix.B}% 19
\BOOKMARK [1][-]{appendix.C}{\376\377\000T\000r\000a\000i\000n\000i\000n\000g\000\040\000a\000n\000d\000\040\000E\000v\000a\000l\000u\000a\000t\000i\000o\000n\000\040\000D\000e\000t\000a\000i\000l\000s}{}% 20
\BOOKMARK [1][-]{appendix.D}{\376\377\000I\000n\000d\000e\000p\000e\000n\000d\000e\000n\000t\000\040\000U\000n\000i\000m\000o\000d\000a\000l\000\040\000S\000S\000L}{}% 21
\BOOKMARK [2][-]{subsection.D.1}{\376\377\000I\000m\000a\000g\000e\000\040\000S\000S\000L}{appendix.D}% 22
\BOOKMARK [2][-]{subsection.D.2}{\376\377\000S\000p\000e\000c\000t\000r\000u\000m\000\040\000S\000S\000L}{appendix.D}% 23
\BOOKMARK [1][-]{appendix.E}{\376\377\000C\000r\000o\000s\000s\000-\000M\000o\000d\000a\000l\000\040\000T\000r\000a\000i\000n\000i\000n\000g\000:\000\040\000P\000r\000e\000t\000r\000a\000i\000n\000e\000d\000\040\000v\000s\000.\000\040\000S\000c\000r\000a\000t\000c\000h}{}% 24
\BOOKMARK [2][-]{subsection.E.1}{\376\377\000C\000o\000m\000p\000l\000e\000t\000e\000\040\000d\000o\000w\000n\000s\000t\000r\000e\000a\000m\000\040\000p\000r\000o\000b\000e\000s}{appendix.E}% 25
\BOOKMARK [2][-]{subsection.E.2}{\376\377\000R\000e\000t\000r\000i\000e\000v\000a\000l\000\040\000a\000n\000d\000\040\000s\000h\000a\000r\000e\000d\000\040\000g\000e\000o\000m\000e\000t\000r\000y}{appendix.E}% 26
\BOOKMARK [1][-]{appendix.F}{\376\377\000R\000e\000p\000r\000e\000s\000e\000n\000t\000a\000t\000i\000o\000n\000\040\000A\000n\000a\000l\000y\000s\000i\000s\000\040\000B\000e\000f\000o\000r\000e\000\040\000a\000n\000d\000\040\000A\000f\000t\000e\000r\000\040\000A\000l\000i\000g\000n\000m\000e\000n\000t}{}% 27
\BOOKMARK [2][-]{subsection.F.1}{\376\377\000R\000a\000w\000\040\000r\000e\000p\000r\000e\000s\000e\000n\000t\000a\000t\000i\000o\000n\000\040\000r\000e\000t\000e\000n\000t\000i\000o\000n}{appendix.F}% 28
\BOOKMARK [2][-]{subsection.F.2}{\376\377\000L\000i\000n\000e\000a\000r\000\040\000s\000h\000a\000r\000e\000d\000/\000p\000r\000i\000v\000a\000t\000e\000\040\000a\000c\000c\000e\000s\000s\000i\000b\000i\000l\000i\000t\000y}{appendix.F}% 29
\BOOKMARK [2][-]{subsection.F.3}{\376\377\000M\000o\000r\000p\000h\000o\000l\000o\000g\000y\000\040\000r\000e\000t\000e\000n\000t\000i\000o\000n}{appendix.F}% 30
\BOOKMARK [1][-]{appendix.G}{\376\377\000C\000o\000n\000t\000r\000a\000s\000t\000i\000v\000e\000\040\000B\000a\000s\000e\000l\000i\000n\000e\000s\000:\000\040\000D\000e\000t\000a\000i\000l\000e\000d\000\040\000J\000E\000P\000A\000\040\000v\000s\000.\000\040\000C\000L\000I\000P}{}% 31
\BOOKMARK [2][-]{subsection.G.1}{\376\377\000F\000r\000o\000z\000e\000n\000-\000b\000a\000c\000k\000b\000o\000n\000e\000\040\000o\000b\000j\000e\000c\000t\000i\000v\000e\000\040\000a\000b\000l\000a\000t\000i\000o\000n}{appendix.G}% 32
\BOOKMARK [2][-]{subsection.G.2}{\376\377\000C\000o\000n\000t\000r\000o\000l\000\040\000b\000o\000u\000n\000d\000a\000r\000y}{appendix.G}% 33
\BOOKMARK [2][-]{subsection.G.3}{\376\377\000S\000c\000i\000e\000n\000t\000i\000f\000i\000c\000\040\000p\000r\000o\000b\000e\000s\000\040\000a\000n\000d\000\040\000d\000i\000m\000e\000n\000s\000i\000o\000n\000a\000l\000\040\000u\000s\000e}{appendix.G}% 34
\BOOKMARK [2][-]{subsection.G.4}{\376\377\000L\000i\000n\000e\000a\000r\000\040\000a\000l\000i\000g\000n\000m\000e\000n\000t\000\040\000a\000n\000d\000\040\000d\000e\000c\000o\000d\000e\000r\000\040\000t\000r\000a\000n\000s\000f\000e\000r}{appendix.G}% 35
\BOOKMARK [1][-]{appendix.H}{\376\377\000A\000d\000d\000i\000t\000i\000o\000n\000a\000l\000\040\000D\000o\000w\000n\000s\000t\000r\000e\000a\000m\000\040\000R\000e\000s\000u\000l\000t\000s}{}% 36
\BOOKMARK [2][-]{subsection.H.1}{\376\377\000G\000a\000l\000a\000x\000y\0001\0000\000\040\000p\000e\000r\000-\000c\000l\000a\000s\000s\000\040\000b\000e\000h\000a\000v\000i\000o\000r}{appendix.H}% 37
\BOOKMARK [2][-]{subsection.H.2}{\376\377\000G\000a\000l\000a\000x\000y\000\040\000Z\000o\000o\000\040\000D\000E\000C\000a\000L\000S\000\040\000q\000u\000e\000s\000t\000i\000o\000n\000-\000w\000i\000s\000e\000\040\000p\000r\000o\000b\000e\000s}{appendix.H}% 38
\BOOKMARK [2][-]{subsection.H.3}{\376\377\000P\000u\000b\000l\000i\000s\000h\000e\000d\000\040\000c\000o\000n\000t\000e\000x\000t\000\040\000a\000n\000d\000\040\000c\000o\000m\000p\000a\000r\000a\000b\000i\000l\000i\000t\000y}{appendix.H}% 39
\BOOKMARK [1][-]{appendix.I}{\376\377\000A\000d\000d\000i\000t\000i\000o\000n\000a\000l\000\040\000F\000i\000g\000u\000r\000e\000s\000\040\000a\000n\000d\000\040\000Q\000u\000a\000l\000i\000t\000a\000t\000i\000v\000e\000\040\000D\000i\000a\000g\000n\000o\000s\000t\000i\000c\000s}{}% 40
\BOOKMARK [1][-]{appendix.J}{\376\377\000A\000d\000d\000i\000t\000i\000o\000n\000a\000l\000\040\000A\000b\000l\000a\000t\000i\000o\000n\000s\000,\000\040\000N\000u\000l\000l\000\040\000R\000e\000s\000u\000l\000t\000s\000,\000\040\000a\000n\000d\000\040\000R\000e\000p\000r\000o\000d\000u\000c\000i\000b\000i\000l\000i\000t\000y\000\040\000I\000n\000v\000e\000n\000t\000o\000r\000y}{}% 41
\BOOKMARK [2][-]{subsection.J.1}{\376\377\000C\000o\000m\000p\000l\000e\000t\000e\000d\000\040\000n\000e\000g\000a\000t\000i\000v\000e\000\040\000o\000r\000\040\000q\000u\000a\000l\000i\000f\000i\000e\000d\000\040\000r\000e\000s\000u\000l\000t\000s}{appendix.J}% 42
\BOOKMARK [2][-]{subsection.J.2}{\376\377\000I\000n\000c\000o\000m\000p\000l\000e\000t\000e\000\040\000o\000r\000\040\000i\000n\000v\000a\000l\000i\000d\000\040\000e\000x\000p\000e\000r\000i\000m\000e\000n\000t\000s}{appendix.J}% 43
\BOOKMARK [2][-]{subsection.J.3}{\376\377\000A\000r\000t\000i\000f\000a\000c\000t\000-\000t\000o\000-\000c\000l\000a\000i\000m\000\040\000m\000a\000p}{appendix.J}% 44
